<html>
<body>
<pre>
<h1>µVision Build Log</h1>
<h2>Tool Versions:</h2>
IDE-Version: µVision V5.23.0.0
Copyright (C) 2017 ARM Ltd and ARM Germany GmbH. All rights reserved.
License Information: bijan real, me, LIC=8MZI6-DL33L-E0JN4-FI5IK-JPC1G-AWZ7J
 
Tool Versions:
Toolchain:       MDK-ARM Professional  Version: 5.23
Toolchain Path:  C:\Keil_v5\ARM\ARMCC\Bin
C Compiler:      Armcc.exe V5.06 update 4 (build 422)
Assembler:       Armasm.exe V5.06 update 4 (build 422)
Linker/Locator:  ArmLink.exe V5.06 update 4 (build 422)
Library Manager: ArmAr.exe V5.06 update 4 (build 422)
Hex Converter:   FromElf.exe V5.06 update 4 (build 422)
CPU DLL:         SARMCM3.DLL V5.23
Dialog DLL:      DARMSTM.DLL V1.68.0.0
Target DLL:      STLink\ST-LINKIII-KEIL_SWO.dll V2.0.18.0
Dialog DLL:      TARMSTM.DLL V1.66.0.0
 
<h2>Project:</h2>
E:\stm32f103ze_STLlibrary_CPP_COLOR_LCD\main.uvproj
Project File Date:  04/26/2022

<h2>Output:</h2>
*** Using Compiler 'V5.06 update 4 (build 422)', folder: 'C:\Keil_v5\ARM\ARMCC\Bin'
Build target 'Target 1'
compiling usart.c...
compiling system_stm32f10x.c...
compiling Retarget.c...
compiling stm32f10x_gpio.c...
compiling stm32f10x_rcc.c...
compiling main.cpp...
compiling stm32f10x_usart.c...
compiling stm32f10x_flash.c...
compiling GUI_X.c...
compiling GUI_X_Touch_Analog.c...
compiling stm32f10x_fsmc.c...
compiling GUIConf.c...
compiling GUI_X_Touch_StoreState.c...
compiling LCDConf.c...
compiling tftlcd.c...
compiling touch.c...
linking...
Program Size: Code=87968 RO-data=19340 RW-data=568 ZI-data=36512  
".\Objects\main.axf" - 0 Error(s), 0 Warning(s).
Build Time Elapsed:  00:00:04
</pre>
</body>
</html>
